// Jest Snapshot v1, https://goo.gl/fbAQLP

exports[`Snapshot Index Page Snapshot index page component 1`] = `""`;
